2025-01-31 10:46:01 - odoo_custom - INFO - Processing create account request
2025-01-31 10:46:01 - odoo_custom - DEBUG - Received data: {'name': 'Account Receivable', 'code': 'AR', 'company_id': 3, 'account_type': 'asset_receivable', 'currency_id': 0, 'reconcile': True, 'opening_debit': 0, 'opening_credit': 0}
2025-01-31 10:46:32 - odoo_custom - INFO - Processing create account request
2025-01-31 10:46:32 - odoo_custom - DEBUG - Received data: {'name': 'Account Payable', 'code': 'AP', 'company_id': 3, 'account_type': 'liability_payable', 'currency_id': 0, 'reconcile': True, 'opening_debit': 0, 'opening_credit': 0}
2025-01-31 10:47:36 - odoo_custom - INFO - Processing create account request
2025-01-31 10:47:36 - odoo_custom - DEBUG - Received data: {'name': 'Product Sales', 'code': 'PS', 'company_id': 3, 'account_type': 'income', 'currency_id': 0, 'reconcile': True, 'opening_debit': 0, 'opening_credit': 0}
2025-01-31 10:48:33 - odoo_custom - INFO - Processing create account request
2025-01-31 10:48:33 - odoo_custom - DEBUG - Received data: {'name': 'Expenses', 'code': 'EX', 'company_id': 3, 'account_type': 'expense', 'currency_id': 0, 'reconcile': True, 'opening_debit': 0, 'opening_credit': 0}
2025-01-31 10:52:25 - odoo_custom - INFO - Processing create account request
2025-01-31 10:52:25 - odoo_custom - DEBUG - Received data: {'name': 'Outstanding Receipts', 'code': 'OR', 'company_id': 3, 'account_type': 'asset_current', 'currency_id': 0, 'reconcile': True, 'opening_debit': 0, 'opening_credit': 0}
2025-01-31 10:52:46 - odoo_custom - INFO - Processing create account request
2025-01-31 10:52:46 - odoo_custom - DEBUG - Received data: {'name': 'Outstanding Payments', 'code': 'OP', 'company_id': 3, 'account_type': 'asset_current', 'currency_id': 0, 'reconcile': True, 'opening_debit': 0, 'opening_credit': 0}
2025-01-31 10:54:54 - odoo_custom - INFO - Fetching accounts with parameters: account_type=None, company_id=3, deprecated=None
2025-01-31 10:54:54 - odoo_custom - DEBUG - Added company_id filter: 3
2025-01-31 10:54:54 - odoo_custom - DEBUG - Final search domain: [('company_id', '=', 3)]
2025-01-31 10:54:54 - odoo_custom - INFO - Total matching accounts: 6
2025-01-31 10:54:54 - odoo_custom - INFO - Retrieved 6 accounts
2025-01-31 10:57:03 - odoo_custom - INFO - Processing create account request
2025-01-31 10:57:03 - odoo_custom - DEBUG - Received data: {'name': 'Out Pay', 'code': 'OutPay', 'company_id': 3, 'account_type': 'asset_current', 'currency_id': 0, 'reconcile': True, 'opening_debit': 0, 'opening_credit': 0}
2025-01-31 10:57:27 - odoo_custom - INFO - Processing create account request
2025-01-31 10:57:27 - odoo_custom - DEBUG - Received data: {'name': 'Out Rec', 'code': 'OutRec', 'company_id': 3, 'account_type': 'asset_current', 'currency_id': 0, 'reconcile': True, 'opening_debit': 0, 'opening_credit': 0}
2025-01-31 10:58:09 - odoo_custom - INFO - Processing create account request
2025-01-31 10:58:09 - odoo_custom - DEBUG - Received data: {'name': 'Other Expenses', 'code': 'OEX', 'company_id': 3, 'account_type': 'expense', 'currency_id': 0, 'reconcile': True, 'opening_debit': 0, 'opening_credit': 0}
2025-01-31 10:58:49 - odoo_custom - INFO - Processing create account request
2025-01-31 10:58:49 - odoo_custom - DEBUG - Received data: {'name': 'Acc Rec', 'code': 'AccRec', 'company_id': 3, 'account_type': 'asset_receivable', 'currency_id': 0, 'reconcile': True, 'opening_debit': 0, 'opening_credit': 0}
2025-01-31 10:59:16 - odoo_custom - INFO - Processing create account request
2025-01-31 10:59:16 - odoo_custom - DEBUG - Received data: {'name': 'Acc Pay', 'code': 'AccPay', 'company_id': 3, 'account_type': 'liability_payable', 'currency_id': 0, 'reconcile': True, 'opening_debit': 0, 'opening_credit': 0}
2025-01-31 10:59:40 - odoo_custom - INFO - Fetching accounts with parameters: account_type=None, company_id=3, deprecated=None
2025-01-31 10:59:40 - odoo_custom - DEBUG - Added company_id filter: 3
2025-01-31 10:59:40 - odoo_custom - DEBUG - Final search domain: [('company_id', '=', 3)]
2025-01-31 10:59:40 - odoo_custom - INFO - Total matching accounts: 11
2025-01-31 10:59:40 - odoo_custom - INFO - Retrieved 11 accounts
2025-01-31 11:00:27 - odoo_custom - INFO - Processing create account request
2025-01-31 11:00:27 - odoo_custom - DEBUG - Received data: {'name': 'Sales', 'code': 'Sales', 'company_id': 3, 'account_type': 'income', 'currency_id': 0, 'reconcile': True, 'opening_debit': 0, 'opening_credit': 0}
2025-01-31 11:01:03 - odoo_custom - INFO - Fetching accounts with parameters: account_type=None, company_id=3, deprecated=None
2025-01-31 11:01:03 - odoo_custom - DEBUG - Added company_id filter: 3
2025-01-31 11:01:03 - odoo_custom - DEBUG - Final search domain: [('company_id', '=', 3)]
2025-01-31 11:01:03 - odoo_custom - INFO - Total matching accounts: 12
2025-01-31 11:01:03 - odoo_custom - INFO - Retrieved 12 accounts
